// Jest Snapshot v1, https://goo.gl/fbAQLP

exports[`renders 1`] = `
<Modal
  constrain="window"
  insertAt="bottom"
  label="Calendar Event Details"
  onDismiss={[MockFunction]}
  open={true}
  overflow="scroll"
  shouldCloseOnDocumentClick={true}
  shouldReturnFocus={true}
  size="small"
  transition="fade"
  variant="default"
>
  <ModalHeader
    spacing="default"
    variant="default"
  >
    <Heading
      border="none"
      color="inherit"
      level="h2"
    >
      <Link
        color="link"
        forceButtonRole={true}
        href="http://example.com"
        iconPlacement="start"
        isWithinText={false}
        size="large"
      >
        event title
      </Link>
    </Heading>
    <CloseButton
      as="button"
      cursor="pointer"
      margin="0"
      offset="x-small"
      onClick={[MockFunction]}
      placement="end"
      screenReaderLabel="Close"
      size="small"
      type="button"
    />
  </ModalHeader>
  <ModalBody
    as="div"
    padding="medium"
    variant="default"
  >
    <List
      as="ul"
      delimiter="none"
      isUnstyled={true}
      itemSpacing="small"
      size="medium"
    >
      <ListItem
        delimiter="none"
        padding="none"
        size="medium"
        spacing="none"
      >
        <Text
          as="span"
          letterSpacing="normal"
          size="medium"
          weight="bold"
          wrap="normal"
        >
          Calendar:
        </Text>
        <View
          borderColor="primary"
          display="auto"
          focusColor="info"
          focusPosition="offset"
          margin="0 0 0 x-small"
          overflowX="visible"
          overflowY="visible"
          overscrollBehavior="auto"
          position="static"
          shouldAnimateFocus={true}
          withVisualDebug={false}
        >
          <Text
            as="span"
            letterSpacing="normal"
            size="medium"
            wrap="normal"
          >
            the course
          </Text>
        </View>
      </ListItem>
      <ListItem
        delimiter="none"
        padding="none"
        size="medium"
        spacing="none"
      >
        <Text
          as="span"
          letterSpacing="normal"
          size="medium"
          weight="bold"
          wrap="normal"
        >
          Date & Time:
        </Text>
        <View
          borderColor="primary"
          display="auto"
          focusColor="info"
          focusPosition="offset"
          margin="0 0 0 x-small"
          overflowX="visible"
          overflowY="visible"
          overscrollBehavior="auto"
          position="static"
          shouldAnimateFocus={true}
          withVisualDebug={false}
        >
          <Text
            as="span"
            letterSpacing="normal"
            size="medium"
            wrap="normal"
          >
            Sep 27, 2018 1:00 PM - 2:00 PM
          </Text>
        </View>
      </ListItem>
      <ListItem
        delimiter="none"
        padding="none"
        size="medium"
        spacing="none"
      >
        <Text
          as="span"
          letterSpacing="normal"
          size="medium"
          weight="bold"
          wrap="normal"
        >
          Location:
        </Text>
        <View
          borderColor="primary"
          display="auto"
          focusColor="info"
          focusPosition="offset"
          margin="0 0 0 x-small"
          overflowX="visible"
          overflowY="visible"
          overscrollBehavior="auto"
          position="static"
          shouldAnimateFocus={true}
          withVisualDebug={false}
        >
          <Text
            as="span"
            letterSpacing="normal"
            size="medium"
            wrap="normal"
          >
            somewhere
          </Text>
        </View>
      </ListItem>
      <ListItem
        delimiter="none"
        padding="none"
        size="medium"
        spacing="none"
      >
        <Text
          as="span"
          letterSpacing="normal"
          size="medium"
          weight="bold"
          wrap="normal"
        >
          Address:
        </Text>
        <View
          borderColor="primary"
          display="auto"
          focusColor="info"
          focusPosition="offset"
          margin="0 0 0 x-small"
          overflowX="visible"
          overflowY="visible"
          overscrollBehavior="auto"
          position="static"
          shouldAnimateFocus={true}
          withVisualDebug={false}
        >
          <Text
            as="span"
            letterSpacing="normal"
            size="medium"
            wrap="normal"
          >
            here, specifically
          </Text>
        </View>
      </ListItem>
      <ListItem
        delimiter="none"
        margin="large 0 0 0"
        padding="none"
        size="medium"
        spacing="none"
      >
        <Text
          as="span"
          letterSpacing="normal"
          size="medium"
          weight="bold"
          wrap="normal"
        >
          Details:
        </Text>
        <div
          dangerouslySetInnerHTML={
            {
              "__html": "about this event",
            }
          }
        />
      </ListItem>
    </List>
  </ModalBody>
</Modal>
`;

exports[`renders with allDay 1`] = `
<Modal
  constrain="window"
  insertAt="bottom"
  label="Calendar Event Details"
  onDismiss={[MockFunction]}
  open={true}
  overflow="scroll"
  shouldCloseOnDocumentClick={true}
  shouldReturnFocus={true}
  size="small"
  transition="fade"
  variant="default"
>
  <ModalHeader
    spacing="default"
    variant="default"
  >
    <Heading
      border="none"
      color="inherit"
      level="h2"
    >
      <Link
        color="link"
        forceButtonRole={true}
        href="http://example.com"
        iconPlacement="start"
        isWithinText={false}
        size="large"
      >
        event title
      </Link>
    </Heading>
    <CloseButton
      as="button"
      cursor="pointer"
      margin="0"
      offset="x-small"
      onClick={[MockFunction]}
      placement="end"
      screenReaderLabel="Close"
      size="small"
      type="button"
    />
  </ModalHeader>
  <ModalBody
    as="div"
    padding="medium"
    variant="default"
  >
    <List
      as="ul"
      delimiter="none"
      isUnstyled={true}
      itemSpacing="small"
      size="medium"
    >
      <ListItem
        delimiter="none"
        padding="none"
        size="medium"
        spacing="none"
      >
        <Text
          as="span"
          letterSpacing="normal"
          size="medium"
          weight="bold"
          wrap="normal"
        >
          Calendar:
        </Text>
        <View
          borderColor="primary"
          display="auto"
          focusColor="info"
          focusPosition="offset"
          margin="0 0 0 x-small"
          overflowX="visible"
          overflowY="visible"
          overscrollBehavior="auto"
          position="static"
          shouldAnimateFocus={true}
          withVisualDebug={false}
        >
          <Text
            as="span"
            letterSpacing="normal"
            size="medium"
            wrap="normal"
          >
            the course
          </Text>
        </View>
      </ListItem>
      <ListItem
        delimiter="none"
        padding="none"
        size="medium"
        spacing="none"
      >
        <Text
          as="span"
          letterSpacing="normal"
          size="medium"
          weight="bold"
          wrap="normal"
        >
          Date & Time:
        </Text>
        <View
          borderColor="primary"
          display="auto"
          focusColor="info"
          focusPosition="offset"
          margin="0 0 0 x-small"
          overflowX="visible"
          overflowY="visible"
          overscrollBehavior="auto"
          position="static"
          shouldAnimateFocus={true}
          withVisualDebug={false}
        >
          <Text
            as="span"
            letterSpacing="normal"
            size="medium"
            wrap="normal"
          >
            Sep 27, 2018
          </Text>
        </View>
      </ListItem>
      <ListItem
        delimiter="none"
        padding="none"
        size="medium"
        spacing="none"
      >
        <Text
          as="span"
          letterSpacing="normal"
          size="medium"
          weight="bold"
          wrap="normal"
        >
          Location:
        </Text>
        <View
          borderColor="primary"
          display="auto"
          focusColor="info"
          focusPosition="offset"
          margin="0 0 0 x-small"
          overflowX="visible"
          overflowY="visible"
          overscrollBehavior="auto"
          position="static"
          shouldAnimateFocus={true}
          withVisualDebug={false}
        >
          <Text
            as="span"
            letterSpacing="normal"
            size="medium"
            wrap="normal"
          >
            somewhere
          </Text>
        </View>
      </ListItem>
      <ListItem
        delimiter="none"
        padding="none"
        size="medium"
        spacing="none"
      >
        <Text
          as="span"
          letterSpacing="normal"
          size="medium"
          weight="bold"
          wrap="normal"
        >
          Address:
        </Text>
        <View
          borderColor="primary"
          display="auto"
          focusColor="info"
          focusPosition="offset"
          margin="0 0 0 x-small"
          overflowX="visible"
          overflowY="visible"
          overscrollBehavior="auto"
          position="static"
          shouldAnimateFocus={true}
          withVisualDebug={false}
        >
          <Text
            as="span"
            letterSpacing="normal"
            size="medium"
            wrap="normal"
          >
            here, specifically
          </Text>
        </View>
      </ListItem>
      <ListItem
        delimiter="none"
        margin="large 0 0 0"
        padding="none"
        size="medium"
        spacing="none"
      >
        <Text
          as="span"
          letterSpacing="normal"
          size="medium"
          weight="bold"
          wrap="normal"
        >
          Details:
        </Text>
        <div
          dangerouslySetInnerHTML={
            {
              "__html": "about this event",
            }
          }
        />
      </ListItem>
    </List>
  </ModalBody>
</Modal>
`;

exports[`renders with only the startTime 1`] = `
<Modal
  constrain="window"
  insertAt="bottom"
  label="Calendar Event Details"
  onDismiss={[MockFunction]}
  open={true}
  overflow="scroll"
  shouldCloseOnDocumentClick={true}
  shouldReturnFocus={true}
  size="small"
  transition="fade"
  variant="default"
>
  <ModalHeader
    spacing="default"
    variant="default"
  >
    <Heading
      border="none"
      color="inherit"
      level="h2"
    >
      <Link
        color="link"
        forceButtonRole={true}
        href="http://example.com"
        iconPlacement="start"
        isWithinText={false}
        size="large"
      >
        event title
      </Link>
    </Heading>
    <CloseButton
      as="button"
      cursor="pointer"
      margin="0"
      offset="x-small"
      onClick={[MockFunction]}
      placement="end"
      screenReaderLabel="Close"
      size="small"
      type="button"
    />
  </ModalHeader>
  <ModalBody
    as="div"
    padding="medium"
    variant="default"
  >
    <List
      as="ul"
      delimiter="none"
      isUnstyled={true}
      itemSpacing="small"
      size="medium"
    >
      <ListItem
        delimiter="none"
        padding="none"
        size="medium"
        spacing="none"
      >
        <Text
          as="span"
          letterSpacing="normal"
          size="medium"
          weight="bold"
          wrap="normal"
        >
          Calendar:
        </Text>
        <View
          borderColor="primary"
          display="auto"
          focusColor="info"
          focusPosition="offset"
          margin="0 0 0 x-small"
          overflowX="visible"
          overflowY="visible"
          overscrollBehavior="auto"
          position="static"
          shouldAnimateFocus={true}
          withVisualDebug={false}
        >
          <Text
            as="span"
            letterSpacing="normal"
            size="medium"
            wrap="normal"
          >
            the course
          </Text>
        </View>
      </ListItem>
      <ListItem
        delimiter="none"
        padding="none"
        size="medium"
        spacing="none"
      >
        <Text
          as="span"
          letterSpacing="normal"
          size="medium"
          weight="bold"
          wrap="normal"
        >
          Date & Time:
        </Text>
        <View
          borderColor="primary"
          display="auto"
          focusColor="info"
          focusPosition="offset"
          margin="0 0 0 x-small"
          overflowX="visible"
          overflowY="visible"
          overscrollBehavior="auto"
          position="static"
          shouldAnimateFocus={true}
          withVisualDebug={false}
        >
          <Text
            as="span"
            letterSpacing="normal"
            size="medium"
            wrap="normal"
          >
            Sep 27, 2018 1:00 PM
          </Text>
        </View>
      </ListItem>
      <ListItem
        delimiter="none"
        padding="none"
        size="medium"
        spacing="none"
      >
        <Text
          as="span"
          letterSpacing="normal"
          size="medium"
          weight="bold"
          wrap="normal"
        >
          Location:
        </Text>
        <View
          borderColor="primary"
          display="auto"
          focusColor="info"
          focusPosition="offset"
          margin="0 0 0 x-small"
          overflowX="visible"
          overflowY="visible"
          overscrollBehavior="auto"
          position="static"
          shouldAnimateFocus={true}
          withVisualDebug={false}
        >
          <Text
            as="span"
            letterSpacing="normal"
            size="medium"
            wrap="normal"
          >
            somewhere
          </Text>
        </View>
      </ListItem>
      <ListItem
        delimiter="none"
        padding="none"
        size="medium"
        spacing="none"
      >
        <Text
          as="span"
          letterSpacing="normal"
          size="medium"
          weight="bold"
          wrap="normal"
        >
          Address:
        </Text>
        <View
          borderColor="primary"
          display="auto"
          focusColor="info"
          focusPosition="offset"
          margin="0 0 0 x-small"
          overflowX="visible"
          overflowY="visible"
          overscrollBehavior="auto"
          position="static"
          shouldAnimateFocus={true}
          withVisualDebug={false}
        >
          <Text
            as="span"
            letterSpacing="normal"
            size="medium"
            wrap="normal"
          >
            here, specifically
          </Text>
        </View>
      </ListItem>
      <ListItem
        delimiter="none"
        margin="large 0 0 0"
        padding="none"
        size="medium"
        spacing="none"
      >
        <Text
          as="span"
          letterSpacing="normal"
          size="medium"
          weight="bold"
          wrap="normal"
        >
          Details:
        </Text>
        <div
          dangerouslySetInnerHTML={
            {
              "__html": "about this event",
            }
          }
        />
      </ListItem>
    </List>
  </ModalBody>
</Modal>
`;

exports[`renders with user displayName for calendar 1`] = `
<Modal
  constrain="window"
  insertAt="bottom"
  label="Calendar Event Details"
  onDismiss={[MockFunction]}
  open={true}
  overflow="scroll"
  shouldCloseOnDocumentClick={true}
  shouldReturnFocus={true}
  size="small"
  transition="fade"
  variant="default"
>
  <ModalHeader
    spacing="default"
    variant="default"
  >
    <Heading
      border="none"
      color="inherit"
      level="h2"
    >
      <Link
        color="link"
        forceButtonRole={true}
        href="http://example.com"
        iconPlacement="start"
        isWithinText={false}
        size="large"
      >
        event title
      </Link>
    </Heading>
    <CloseButton
      as="button"
      cursor="pointer"
      margin="0"
      offset="x-small"
      onClick={[MockFunction]}
      placement="end"
      screenReaderLabel="Close"
      size="small"
      type="button"
    />
  </ModalHeader>
  <ModalBody
    as="div"
    padding="medium"
    variant="default"
  >
    <List
      as="ul"
      delimiter="none"
      isUnstyled={true}
      itemSpacing="small"
      size="medium"
    >
      <ListItem
        delimiter="none"
        padding="none"
        size="medium"
        spacing="none"
      >
        <Text
          as="span"
          letterSpacing="normal"
          size="medium"
          weight="bold"
          wrap="normal"
        >
          Calendar:
        </Text>
        <View
          borderColor="primary"
          display="auto"
          focusColor="info"
          focusPosition="offset"
          margin="0 0 0 x-small"
          overflowX="visible"
          overflowY="visible"
          overscrollBehavior="auto"
          position="static"
          shouldAnimateFocus={true}
          withVisualDebug={false}
        >
          <Text
            as="span"
            letterSpacing="normal"
            size="medium"
            wrap="normal"
          >
            me
          </Text>
        </View>
      </ListItem>
      <ListItem
        delimiter="none"
        padding="none"
        size="medium"
        spacing="none"
      >
        <Text
          as="span"
          letterSpacing="normal"
          size="medium"
          weight="bold"
          wrap="normal"
        >
          Date & Time:
        </Text>
        <View
          borderColor="primary"
          display="auto"
          focusColor="info"
          focusPosition="offset"
          margin="0 0 0 x-small"
          overflowX="visible"
          overflowY="visible"
          overscrollBehavior="auto"
          position="static"
          shouldAnimateFocus={true}
          withVisualDebug={false}
        >
          <Text
            as="span"
            letterSpacing="normal"
            size="medium"
            wrap="normal"
          >
            Sep 27, 2018 1:00 PM - 2:00 PM
          </Text>
        </View>
      </ListItem>
      <ListItem
        delimiter="none"
        padding="none"
        size="medium"
        spacing="none"
      >
        <Text
          as="span"
          letterSpacing="normal"
          size="medium"
          weight="bold"
          wrap="normal"
        >
          Location:
        </Text>
        <View
          borderColor="primary"
          display="auto"
          focusColor="info"
          focusPosition="offset"
          margin="0 0 0 x-small"
          overflowX="visible"
          overflowY="visible"
          overscrollBehavior="auto"
          position="static"
          shouldAnimateFocus={true}
          withVisualDebug={false}
        >
          <Text
            as="span"
            letterSpacing="normal"
            size="medium"
            wrap="normal"
          >
            somewhere
          </Text>
        </View>
      </ListItem>
      <ListItem
        delimiter="none"
        padding="none"
        size="medium"
        spacing="none"
      >
        <Text
          as="span"
          letterSpacing="normal"
          size="medium"
          weight="bold"
          wrap="normal"
        >
          Address:
        </Text>
        <View
          borderColor="primary"
          display="auto"
          focusColor="info"
          focusPosition="offset"
          margin="0 0 0 x-small"
          overflowX="visible"
          overflowY="visible"
          overscrollBehavior="auto"
          position="static"
          shouldAnimateFocus={true}
          withVisualDebug={false}
        >
          <Text
            as="span"
            letterSpacing="normal"
            size="medium"
            wrap="normal"
          >
            here, specifically
          </Text>
        </View>
      </ListItem>
      <ListItem
        delimiter="none"
        margin="large 0 0 0"
        padding="none"
        size="medium"
        spacing="none"
      >
        <Text
          as="span"
          letterSpacing="normal"
          size="medium"
          weight="bold"
          wrap="normal"
        >
          Details:
        </Text>
        <div
          dangerouslySetInnerHTML={
            {
              "__html": "about this event",
            }
          }
        />
      </ListItem>
    </List>
  </ModalBody>
</Modal>
`;

exports[`renders without address 1`] = `
<Modal
  constrain="window"
  insertAt="bottom"
  label="Calendar Event Details"
  onDismiss={[MockFunction]}
  open={true}
  overflow="scroll"
  shouldCloseOnDocumentClick={true}
  shouldReturnFocus={true}
  size="small"
  transition="fade"
  variant="default"
>
  <ModalHeader
    spacing="default"
    variant="default"
  >
    <Heading
      border="none"
      color="inherit"
      level="h2"
    >
      <Link
        color="link"
        forceButtonRole={true}
        href="http://example.com"
        iconPlacement="start"
        isWithinText={false}
        size="large"
      >
        event title
      </Link>
    </Heading>
    <CloseButton
      as="button"
      cursor="pointer"
      margin="0"
      offset="x-small"
      onClick={[MockFunction]}
      placement="end"
      screenReaderLabel="Close"
      size="small"
      type="button"
    />
  </ModalHeader>
  <ModalBody
    as="div"
    padding="medium"
    variant="default"
  >
    <List
      as="ul"
      delimiter="none"
      isUnstyled={true}
      itemSpacing="small"
      size="medium"
    >
      <ListItem
        delimiter="none"
        padding="none"
        size="medium"
        spacing="none"
      >
        <Text
          as="span"
          letterSpacing="normal"
          size="medium"
          weight="bold"
          wrap="normal"
        >
          Calendar:
        </Text>
        <View
          borderColor="primary"
          display="auto"
          focusColor="info"
          focusPosition="offset"
          margin="0 0 0 x-small"
          overflowX="visible"
          overflowY="visible"
          overscrollBehavior="auto"
          position="static"
          shouldAnimateFocus={true}
          withVisualDebug={false}
        >
          <Text
            as="span"
            letterSpacing="normal"
            size="medium"
            wrap="normal"
          >
            the course
          </Text>
        </View>
      </ListItem>
      <ListItem
        delimiter="none"
        padding="none"
        size="medium"
        spacing="none"
      >
        <Text
          as="span"
          letterSpacing="normal"
          size="medium"
          weight="bold"
          wrap="normal"
        >
          Date & Time:
        </Text>
        <View
          borderColor="primary"
          display="auto"
          focusColor="info"
          focusPosition="offset"
          margin="0 0 0 x-small"
          overflowX="visible"
          overflowY="visible"
          overscrollBehavior="auto"
          position="static"
          shouldAnimateFocus={true}
          withVisualDebug={false}
        >
          <Text
            as="span"
            letterSpacing="normal"
            size="medium"
            wrap="normal"
          >
            Sep 27, 2018 1:00 PM - 2:00 PM
          </Text>
        </View>
      </ListItem>
      <ListItem
        delimiter="none"
        padding="none"
        size="medium"
        spacing="none"
      >
        <Text
          as="span"
          letterSpacing="normal"
          size="medium"
          weight="bold"
          wrap="normal"
        >
          Location:
        </Text>
        <View
          borderColor="primary"
          display="auto"
          focusColor="info"
          focusPosition="offset"
          margin="0 0 0 x-small"
          overflowX="visible"
          overflowY="visible"
          overscrollBehavior="auto"
          position="static"
          shouldAnimateFocus={true}
          withVisualDebug={false}
        >
          <Text
            as="span"
            letterSpacing="normal"
            size="medium"
            wrap="normal"
          >
            somewhere
          </Text>
        </View>
      </ListItem>
      <ListItem
        delimiter="none"
        margin="large 0 0 0"
        padding="none"
        size="medium"
        spacing="none"
      >
        <Text
          as="span"
          letterSpacing="normal"
          size="medium"
          weight="bold"
          wrap="normal"
        >
          Details:
        </Text>
        <div
          dangerouslySetInnerHTML={
            {
              "__html": "about this event",
            }
          }
        />
      </ListItem>
    </List>
  </ModalBody>
</Modal>
`;

exports[`renders without details 1`] = `
<Modal
  constrain="window"
  insertAt="bottom"
  label="Calendar Event Details"
  onDismiss={[MockFunction]}
  open={true}
  overflow="scroll"
  shouldCloseOnDocumentClick={true}
  shouldReturnFocus={true}
  size="small"
  transition="fade"
  variant="default"
>
  <ModalHeader
    spacing="default"
    variant="default"
  >
    <Heading
      border="none"
      color="inherit"
      level="h2"
    >
      <Link
        color="link"
        forceButtonRole={true}
        href="http://example.com"
        iconPlacement="start"
        isWithinText={false}
        size="large"
      >
        event title
      </Link>
    </Heading>
    <CloseButton
      as="button"
      cursor="pointer"
      margin="0"
      offset="x-small"
      onClick={[MockFunction]}
      placement="end"
      screenReaderLabel="Close"
      size="small"
      type="button"
    />
  </ModalHeader>
  <ModalBody
    as="div"
    padding="medium"
    variant="default"
  >
    <List
      as="ul"
      delimiter="none"
      isUnstyled={true}
      itemSpacing="small"
      size="medium"
    >
      <ListItem
        delimiter="none"
        padding="none"
        size="medium"
        spacing="none"
      >
        <Text
          as="span"
          letterSpacing="normal"
          size="medium"
          weight="bold"
          wrap="normal"
        >
          Calendar:
        </Text>
        <View
          borderColor="primary"
          display="auto"
          focusColor="info"
          focusPosition="offset"
          margin="0 0 0 x-small"
          overflowX="visible"
          overflowY="visible"
          overscrollBehavior="auto"
          position="static"
          shouldAnimateFocus={true}
          withVisualDebug={false}
        >
          <Text
            as="span"
            letterSpacing="normal"
            size="medium"
            wrap="normal"
          >
            the course
          </Text>
        </View>
      </ListItem>
      <ListItem
        delimiter="none"
        padding="none"
        size="medium"
        spacing="none"
      >
        <Text
          as="span"
          letterSpacing="normal"
          size="medium"
          weight="bold"
          wrap="normal"
        >
          Date & Time:
        </Text>
        <View
          borderColor="primary"
          display="auto"
          focusColor="info"
          focusPosition="offset"
          margin="0 0 0 x-small"
          overflowX="visible"
          overflowY="visible"
          overscrollBehavior="auto"
          position="static"
          shouldAnimateFocus={true}
          withVisualDebug={false}
        >
          <Text
            as="span"
            letterSpacing="normal"
            size="medium"
            wrap="normal"
          >
            Sep 27, 2018 1:00 PM - 2:00 PM
          </Text>
        </View>
      </ListItem>
      <ListItem
        delimiter="none"
        padding="none"
        size="medium"
        spacing="none"
      >
        <Text
          as="span"
          letterSpacing="normal"
          size="medium"
          weight="bold"
          wrap="normal"
        >
          Location:
        </Text>
        <View
          borderColor="primary"
          display="auto"
          focusColor="info"
          focusPosition="offset"
          margin="0 0 0 x-small"
          overflowX="visible"
          overflowY="visible"
          overscrollBehavior="auto"
          position="static"
          shouldAnimateFocus={true}
          withVisualDebug={false}
        >
          <Text
            as="span"
            letterSpacing="normal"
            size="medium"
            wrap="normal"
          >
            somewhere
          </Text>
        </View>
      </ListItem>
      <ListItem
        delimiter="none"
        padding="none"
        size="medium"
        spacing="none"
      >
        <Text
          as="span"
          letterSpacing="normal"
          size="medium"
          weight="bold"
          wrap="normal"
        >
          Address:
        </Text>
        <View
          borderColor="primary"
          display="auto"
          focusColor="info"
          focusPosition="offset"
          margin="0 0 0 x-small"
          overflowX="visible"
          overflowY="visible"
          overscrollBehavior="auto"
          position="static"
          shouldAnimateFocus={true}
          withVisualDebug={false}
        >
          <Text
            as="span"
            letterSpacing="normal"
            size="medium"
            wrap="normal"
          >
            here, specifically
          </Text>
        </View>
      </ListItem>
    </List>
  </ModalBody>
</Modal>
`;

exports[`renders without location 1`] = `
<Modal
  constrain="window"
  insertAt="bottom"
  label="Calendar Event Details"
  onDismiss={[MockFunction]}
  open={true}
  overflow="scroll"
  shouldCloseOnDocumentClick={true}
  shouldReturnFocus={true}
  size="small"
  transition="fade"
  variant="default"
>
  <ModalHeader
    spacing="default"
    variant="default"
  >
    <Heading
      border="none"
      color="inherit"
      level="h2"
    >
      <Link
        color="link"
        forceButtonRole={true}
        href="http://example.com"
        iconPlacement="start"
        isWithinText={false}
        size="large"
      >
        event title
      </Link>
    </Heading>
    <CloseButton
      as="button"
      cursor="pointer"
      margin="0"
      offset="x-small"
      onClick={[MockFunction]}
      placement="end"
      screenReaderLabel="Close"
      size="small"
      type="button"
    />
  </ModalHeader>
  <ModalBody
    as="div"
    padding="medium"
    variant="default"
  >
    <List
      as="ul"
      delimiter="none"
      isUnstyled={true}
      itemSpacing="small"
      size="medium"
    >
      <ListItem
        delimiter="none"
        padding="none"
        size="medium"
        spacing="none"
      >
        <Text
          as="span"
          letterSpacing="normal"
          size="medium"
          weight="bold"
          wrap="normal"
        >
          Calendar:
        </Text>
        <View
          borderColor="primary"
          display="auto"
          focusColor="info"
          focusPosition="offset"
          margin="0 0 0 x-small"
          overflowX="visible"
          overflowY="visible"
          overscrollBehavior="auto"
          position="static"
          shouldAnimateFocus={true}
          withVisualDebug={false}
        >
          <Text
            as="span"
            letterSpacing="normal"
            size="medium"
            wrap="normal"
          >
            the course
          </Text>
        </View>
      </ListItem>
      <ListItem
        delimiter="none"
        padding="none"
        size="medium"
        spacing="none"
      >
        <Text
          as="span"
          letterSpacing="normal"
          size="medium"
          weight="bold"
          wrap="normal"
        >
          Date & Time:
        </Text>
        <View
          borderColor="primary"
          display="auto"
          focusColor="info"
          focusPosition="offset"
          margin="0 0 0 x-small"
          overflowX="visible"
          overflowY="visible"
          overscrollBehavior="auto"
          position="static"
          shouldAnimateFocus={true}
          withVisualDebug={false}
        >
          <Text
            as="span"
            letterSpacing="normal"
            size="medium"
            wrap="normal"
          >
            Sep 27, 2018 1:00 PM - 2:00 PM
          </Text>
        </View>
      </ListItem>
      <ListItem
        delimiter="none"
        padding="none"
        size="medium"
        spacing="none"
      >
        <Text
          as="span"
          letterSpacing="normal"
          size="medium"
          weight="bold"
          wrap="normal"
        >
          Address:
        </Text>
        <View
          borderColor="primary"
          display="auto"
          focusColor="info"
          focusPosition="offset"
          margin="0 0 0 x-small"
          overflowX="visible"
          overflowY="visible"
          overscrollBehavior="auto"
          position="static"
          shouldAnimateFocus={true}
          withVisualDebug={false}
        >
          <Text
            as="span"
            letterSpacing="normal"
            size="medium"
            wrap="normal"
          >
            here, specifically
          </Text>
        </View>
      </ListItem>
      <ListItem
        delimiter="none"
        margin="large 0 0 0"
        padding="none"
        size="medium"
        spacing="none"
      >
        <Text
          as="span"
          letterSpacing="normal"
          size="medium"
          weight="bold"
          wrap="normal"
        >
          Details:
        </Text>
        <div
          dangerouslySetInnerHTML={
            {
              "__html": "about this event",
            }
          }
        />
      </ListItem>
    </List>
  </ModalBody>
</Modal>
`;
