// Jest Snapshot v1, https://goo.gl/fbAQLP

exports[`merges grades into courses 1`] = `
[
  {
    "grade": "34.42%",
    "hasGradingPeriods": true,
    "id": "1",
    "otherData": "first-other-fields",
  },
  {
    "grade": "42.34%",
    "hasGradingPeriods": false,
    "id": "2",
    "otherData": "second-other-fields",
  },
]
`;
